15:18:12 **** Incremental Build of configuration Debug for project 4_gpio_input ****
make -j12 all 
arm-none-eabi-gcc "../Src/main.c" -mcpu=cortex-m4 -std=gnu11 -g3 -DDEBUG -DSTM32 -DSTM32G4 -DNUCLEO_G474RE -DSTM32G474RETx -DSTM32G474xx -c -I../Inc -I"C:/Users/krishna/Desktop/baremetal_programming/chip_headers/CMSIS/Device/ST/STM32G4xx/Include" -I"C:/Users/krishna/Desktop/baremetal_programming/chip_headers/CMSIS/Include" -O0 -ffunction-sections -fdata-sections -Wall -fstack-usage -fcyclomatic-complexity -MMD -MP -MF"Src/main.d" -MT"Src/main.o" --specs=nano.specs -mfpu=fpv4-sp-d16 -mfloat-abi=hard -mthumb -o "Src/main.o"
arm-none-eabi-gcc -o "4_gpio_input.elf" @"objects.list"   -mcpu=cortex-m4 -T"C:\Users\krishna\Desktop\baremetal_programming\4_gpio_input\STM32G474RETX_FLASH.ld" --specs=nosys.specs -Wl,-Map="4_gpio_input.map" -Wl,--gc-sections -static --specs=nano.specs -mfpu=fpv4-sp-d16 -mfloat-abi=hard -mthumb -Wl,--start-group -lc -lm -Wl,--end-group
Finished building target: 4_gpio_input.elf
 
arm-none-eabi-size  4_gpio_input.elf 
arm-none-eabi-objdump -h -S 4_gpio_input.elf  > "4_gpio_input.list"
   text	   data	    bss	    dec	    hex	filename
    904	      8	   1568	   2480	    9b0	4_gpio_input.elf
Finished building: default.size.stdout
 
Finished building: 4_gpio_input.list
 
15:18:19 **** Incremental Build of configuration Debug for project 4_gpio_input ****
make -j12 all 
arm-none-eabi-size  4_gpio_input.elf 
   text	   data	    bss	    dec	    hex	filename
    904	      8	   1568	   2480	    9b0	4_gpio_input.elf
Finished building: default.size.stdout
 
